
==========================================================================
global place report_tns
--------------------------------------------------------------------------
tns -16.59

==========================================================================
global place report_wns
--------------------------------------------------------------------------
wns -0.16

==========================================================================
global place report_worst_slack
--------------------------------------------------------------------------
worst slack -0.16

==========================================================================
global place report_checks -path_delay min
--------------------------------------------------------------------------
Startpoint: u0.u3.d[4]$_DFF_P_ (rising edge-triggered flip-flop clocked by clk)
Endpoint: u0.w[1][4]$_DFF_P_ (rising edge-triggered flip-flop clocked by clk)
Path Group: clk
Path Type: min

Fanout     Cap    Slew   Delay    Time   Description
-----------------------------------------------------------------------------
                  0.00    0.00    0.00   clock clk (rise edge)
                          0.00    0.00   clock network delay (ideal)
                  0.00    0.00    0.00 ^ u0.u3.d[4]$_DFF_P_/CK (DFF_X1)
     1    2.30    0.01    0.06    0.06 ^ u0.u3.d[4]$_DFF_P_/QN (DFF_X1)
                                         _00414_ (net)
                  0.01    0.00    0.06 ^ _15881_/A (XNOR2_X1)
     2    3.98    0.01    0.02    0.08 v _15881_/ZN (XNOR2_X1)
                                         _06729_ (net)
                  0.01    0.00    0.08 v _15989_/B1 (AOI21_X1)
     1    1.26    0.01    0.02    0.11 ^ _15989_/ZN (AOI21_X1)
                                         _00347_ (net)
                  0.01    0.00    0.11 ^ u0.w[1][4]$_DFF_P_/D (DFF_X1)
                                  0.11   data arrival time

                  0.00    0.00    0.00   clock clk (rise edge)
                          0.00    0.00   clock network delay (ideal)
                          0.00    0.00   clock reconvergence pessimism
                                  0.00 ^ u0.w[1][4]$_DFF_P_/CK (DFF_X1)
                          0.01    0.01   library hold time
                                  0.01   data required time
-----------------------------------------------------------------------------
                                  0.01   data required time
                                 -0.11   data arrival time
-----------------------------------------------------------------------------
                                  0.10   slack (MET)



==========================================================================
global place report_checks -path_delay max
--------------------------------------------------------------------------
Startpoint: sa12_sr[7]$_DFF_P_ (rising edge-triggered flip-flop clocked by clk)
Endpoint: sa11_sr[7]$_DFF_P_ (rising edge-triggered flip-flop clocked by clk)
Path Group: clk
Path Type: max

Fanout     Cap    Slew   Delay    Time   Description
-----------------------------------------------------------------------------
                  0.00    0.00    0.00   clock clk (rise edge)
                          0.00    0.00   clock network delay (ideal)
                  0.00    0.00    0.00 ^ sa12_sr[7]$_DFF_P_/CK (DFF_X2)
     1    7.50    0.01    0.12    0.12 ^ sa12_sr[7]$_DFF_P_/Q (DFF_X2)
                                         sa12_sr[7] (net)
                  0.01    0.00    0.12 ^ _19749_/A (BUF_X4)
     6   27.76    0.02    0.03    0.15 ^ _19749_/Z (BUF_X4)
                                         _10433_ (net)
                  0.02    0.00    0.15 ^ _19825_/B (XNOR2_X2)
     5   11.67    0.04    0.05    0.20 ^ _19825_/ZN (XNOR2_X2)
                                         _10504_ (net)
                  0.04    0.00    0.20 ^ _22540_/B (XNOR2_X1)
     1    4.95    0.03    0.05    0.26 ^ _22540_/ZN (XNOR2_X1)
                                         _13168_ (net)
                  0.03    0.00    0.26 ^ _22542_/B (XNOR2_X2)
     2    7.24    0.03    0.05    0.30 ^ _22542_/ZN (XNOR2_X2)
                                         _13170_ (net)
                  0.03    0.00    0.31 ^ _22543_/S (MUX2_X2)
     3   16.76    0.02    0.09    0.40 v _22543_/Z (MUX2_X2)
                                         _13171_ (net)
                  0.02    0.00    0.40 v _22547_/A2 (NOR2_X4)
     5   29.68    0.04    0.06    0.46 ^ _22547_/ZN (NOR2_X4)
                                         _13175_ (net)
                  0.04    0.00    0.46 ^ _22661_/A (BUF_X8)
     6   32.22    0.01    0.03    0.49 ^ _22661_/Z (BUF_X8)
                                         _13284_ (net)
                  0.01    0.00    0.49 ^ _22765_/A (BUF_X16)
     5   37.40    0.01    0.02    0.52 ^ _22765_/Z (BUF_X16)
                                         _13388_ (net)
                  0.01    0.00    0.52 ^ _22853_/A (BUF_X32)
    16   50.55    0.01    0.02    0.54 ^ _22853_/Z (BUF_X32)
                                         _14987_ (net)
                  0.01    0.00    0.54 ^ _29684_/B (HA_X1)
     1    3.44    0.03    0.05    0.59 ^ _29684_/S (HA_X1)
                                         _14989_ (net)
                  0.03    0.00    0.59 ^ _22682_/A (BUF_X4)
     8   37.17    0.02    0.04    0.64 ^ _22682_/Z (BUF_X4)
                                         _13305_ (net)
                  0.02    0.00    0.64 ^ _22709_/A (INV_X4)
     9   30.52    0.01    0.02    0.66 v _22709_/ZN (INV_X4)
                                         _13332_ (net)
                  0.01    0.00    0.66 v _23190_/A (MUX2_X1)
     1    0.94    0.01    0.06    0.72 v _23190_/Z (MUX2_X1)
                                         _13805_ (net)
                  0.01    0.00    0.72 v _23191_/B (MUX2_X1)
     1    1.16    0.01    0.06    0.77 v _23191_/Z (MUX2_X1)
                                         _13806_ (net)
                  0.01    0.00    0.77 v _23193_/A (MUX2_X1)
     1    2.87    0.01    0.06    0.83 v _23193_/Z (MUX2_X1)
                                         _13808_ (net)
                  0.01    0.00    0.83 v _23200_/B1 (AOI222_X2)
     1    1.66    0.04    0.07    0.90 ^ _23200_/ZN (AOI222_X2)
                                         _13815_ (net)
                  0.04    0.00    0.90 ^ _23213_/A1 (NAND3_X1)
     1    2.04    0.02    0.03    0.93 v _23213_/ZN (NAND3_X1)
                                         _00087_ (net)
                  0.02    0.00    0.93 v sa11_sr[7]$_DFF_P_/D (DFF_X2)
                                  0.93   data arrival time

                  0.00    0.82    0.82   clock clk (rise edge)
                          0.00    0.82   clock network delay (ideal)
                          0.00    0.82   clock reconvergence pessimism
                                  0.82 ^ sa11_sr[7]$_DFF_P_/CK (DFF_X2)
                         -0.05    0.77   library setup time
                                  0.77   data required time
-----------------------------------------------------------------------------
                                  0.77   data required time
                                 -0.93   data arrival time
-----------------------------------------------------------------------------
                                 -0.16   slack (VIOLATED)



==========================================================================
global place report_checks -unconstrained
--------------------------------------------------------------------------
Startpoint: sa12_sr[7]$_DFF_P_ (rising edge-triggered flip-flop clocked by clk)
Endpoint: sa11_sr[7]$_DFF_P_ (rising edge-triggered flip-flop clocked by clk)
Path Group: clk
Path Type: max

Fanout     Cap    Slew   Delay    Time   Description
-----------------------------------------------------------------------------
                  0.00    0.00    0.00   clock clk (rise edge)
                          0.00    0.00   clock network delay (ideal)
                  0.00    0.00    0.00 ^ sa12_sr[7]$_DFF_P_/CK (DFF_X2)
     1    7.50    0.01    0.12    0.12 ^ sa12_sr[7]$_DFF_P_/Q (DFF_X2)
                                         sa12_sr[7] (net)
                  0.01    0.00    0.12 ^ _19749_/A (BUF_X4)
     6   27.76    0.02    0.03    0.15 ^ _19749_/Z (BUF_X4)
                                         _10433_ (net)
                  0.02    0.00    0.15 ^ _19825_/B (XNOR2_X2)
     5   11.67    0.04    0.05    0.20 ^ _19825_/ZN (XNOR2_X2)
                                         _10504_ (net)
                  0.04    0.00    0.20 ^ _22540_/B (XNOR2_X1)
     1    4.95    0.03    0.05    0.26 ^ _22540_/ZN (XNOR2_X1)
                                         _13168_ (net)
                  0.03    0.00    0.26 ^ _22542_/B (XNOR2_X2)
     2    7.24    0.03    0.05    0.30 ^ _22542_/ZN (XNOR2_X2)
                                         _13170_ (net)
                  0.03    0.00    0.31 ^ _22543_/S (MUX2_X2)
     3   16.76    0.02    0.09    0.40 v _22543_/Z (MUX2_X2)
                                         _13171_ (net)
                  0.02    0.00    0.40 v _22547_/A2 (NOR2_X4)
     5   29.68    0.04    0.06    0.46 ^ _22547_/ZN (NOR2_X4)
                                         _13175_ (net)
                  0.04    0.00    0.46 ^ _22661_/A (BUF_X8)
     6   32.22    0.01    0.03    0.49 ^ _22661_/Z (BUF_X8)
                                         _13284_ (net)
                  0.01    0.00    0.49 ^ _22765_/A (BUF_X16)
     5   37.40    0.01    0.02    0.52 ^ _22765_/Z (BUF_X16)
                                         _13388_ (net)
                  0.01    0.00    0.52 ^ _22853_/A (BUF_X32)
    16   50.55    0.01    0.02    0.54 ^ _22853_/Z (BUF_X32)
                                         _14987_ (net)
                  0.01    0.00    0.54 ^ _29684_/B (HA_X1)
     1    3.44    0.03    0.05    0.59 ^ _29684_/S (HA_X1)
                                         _14989_ (net)
                  0.03    0.00    0.59 ^ _22682_/A (BUF_X4)
     8   37.17    0.02    0.04    0.64 ^ _22682_/Z (BUF_X4)
                                         _13305_ (net)
                  0.02    0.00    0.64 ^ _22709_/A (INV_X4)
     9   30.52    0.01    0.02    0.66 v _22709_/ZN (INV_X4)
                                         _13332_ (net)
                  0.01    0.00    0.66 v _23190_/A (MUX2_X1)
     1    0.94    0.01    0.06    0.72 v _23190_/Z (MUX2_X1)
                                         _13805_ (net)
                  0.01    0.00    0.72 v _23191_/B (MUX2_X1)
     1    1.16    0.01    0.06    0.77 v _23191_/Z (MUX2_X1)
                                         _13806_ (net)
                  0.01    0.00    0.77 v _23193_/A (MUX2_X1)
     1    2.87    0.01    0.06    0.83 v _23193_/Z (MUX2_X1)
                                         _13808_ (net)
                  0.01    0.00    0.83 v _23200_/B1 (AOI222_X2)
     1    1.66    0.04    0.07    0.90 ^ _23200_/ZN (AOI222_X2)
                                         _13815_ (net)
                  0.04    0.00    0.90 ^ _23213_/A1 (NAND3_X1)
     1    2.04    0.02    0.03    0.93 v _23213_/ZN (NAND3_X1)
                                         _00087_ (net)
                  0.02    0.00    0.93 v sa11_sr[7]$_DFF_P_/D (DFF_X2)
                                  0.93   data arrival time

                  0.00    0.82    0.82   clock clk (rise edge)
                          0.00    0.82   clock network delay (ideal)
                          0.00    0.82   clock reconvergence pessimism
                                  0.82 ^ sa11_sr[7]$_DFF_P_/CK (DFF_X2)
                         -0.05    0.77   library setup time
                                  0.77   data required time
-----------------------------------------------------------------------------
                                  0.77   data required time
                                 -0.93   data arrival time
-----------------------------------------------------------------------------
                                 -0.16   slack (VIOLATED)



==========================================================================
global place report_power
--------------------------------------------------------------------------
Group                  Internal  Switching    Leakage      Total
                          Power      Power      Power      Power (Watts)
----------------------------------------------------------------
Sequential             9.70e-03   1.82e-03   4.78e-05   1.16e-02   2.7%
Combinational          2.06e-01   2.18e-01   6.44e-04   4.24e-01  97.3%
Clock                  0.00e+00   0.00e+00   0.00e+00   0.00e+00   0.0%
Macro                  0.00e+00   0.00e+00   0.00e+00   0.00e+00   0.0%
Pad                    0.00e+00   0.00e+00   0.00e+00   0.00e+00   0.0%
----------------------------------------------------------------
Total                  2.15e-01   2.20e-01   6.92e-04   4.36e-01 100.0%
                          49.4%      50.4%       0.2%
