
==========================================================================
global place report_tns
--------------------------------------------------------------------------
tns -20.48

==========================================================================
global place report_wns
--------------------------------------------------------------------------
wns -0.23

==========================================================================
global place report_worst_slack
--------------------------------------------------------------------------
worst slack -0.23

==========================================================================
global place report_checks -path_delay min
--------------------------------------------------------------------------
Startpoint: rst_ni (input port clocked by core_clock)
Endpoint: gen_regfile_ff.register_file_i.rf_reg[630]$_DFFE_PN0P_
          (removal check against rising-edge clock core_clock)
Path Group: asynchronous
Path Type: min

Fanout     Cap    Slew   Delay    Time   Description
-----------------------------------------------------------------------------
                  0.00    0.00    0.00   clock core_clock (rise edge)
                          0.00    0.00   clock network delay (ideal)
                          0.44    0.44 ^ input external delay
  1658 3628.37    0.00    0.00    0.44 ^ rst_ni (in)
                                         rst_ni (net)
                  1.43    1.17    1.61 ^ gen_regfile_ff.register_file_i.rf_reg[630]$_DFFE_PN0P_/RN (DFFR_X1)
                                  1.61   data arrival time

                  0.00    0.00    0.00   clock core_clock (rise edge)
                          0.00    0.00   clock network delay (ideal)
                          0.00    0.00   clock reconvergence pessimism
                                  0.00 ^ gen_regfile_ff.register_file_i.rf_reg[630]$_DFFE_PN0P_/CK (DFFR_X1)
                          1.98    1.98   library removal time
                                  1.98   data required time
-----------------------------------------------------------------------------
                                  1.98   data required time
                                 -1.61   data arrival time
-----------------------------------------------------------------------------
                                 -0.36   slack (VIOLATED)


Startpoint: core_clock_gate_i.en_latch$_DLATCH_N_
            (negative level-sensitive latch clocked by core_clock)
Endpoint: _22306_ (rising clock gating-check end-point clocked by core_clock)
Path Group: gated clock
Path Type: min

Fanout     Cap    Slew   Delay    Time   Description
-----------------------------------------------------------------------------
                  0.00    1.10    1.10   clock core_clock (fall edge)
                          0.00    1.10   clock network delay (ideal)
                  0.00    0.00    1.10 v core_clock_gate_i.en_latch$_DLATCH_N_/GN (DLL_X1)
     1    1.01    0.01    0.04    1.14 ^ core_clock_gate_i.en_latch$_DLATCH_N_/Q (DLL_X1)
                                         core_clock_gate_i.en_latch (net)
                  0.01    0.00    1.14 ^ _22306_/A2 (AND2_X1)
                                  1.14   data arrival time

                  0.00    1.10    1.10   clock core_clock (fall edge)
                          0.00    1.10   clock network delay (ideal)
                          0.00    1.10   clock reconvergence pessimism
                                  1.10 v _22306_/A1 (AND2_X1)
                          0.00    1.10   clock gating hold time
                                  1.10   data required time
-----------------------------------------------------------------------------
                                  1.10   data required time
                                 -1.14   data arrival time
-----------------------------------------------------------------------------
                                  0.04   slack (MET)


Startpoint: if_stage_i.gen_prefetch_buffer.prefetch_buffer_i.rdata_outstanding_q[1]$_DFF_PN0_
            (rising edge-triggered flip-flop clocked by core_clock)
Endpoint: if_stage_i.gen_prefetch_buffer.prefetch_buffer_i.rdata_outstanding_q[1]$_DFF_PN0_
          (rising edge-triggered flip-flop clocked by core_clock)
Path Group: core_clock
Path Type: min

Fanout     Cap    Slew   Delay    Time   Description
-----------------------------------------------------------------------------
                  0.00    0.00    0.00   clock core_clock (rise edge)
                          0.00    0.00   clock network delay (ideal)
                  0.00    0.00    0.00 ^ if_stage_i.gen_prefetch_buffer.prefetch_buffer_i.rdata_outstanding_q[1]$_DFF_PN0_/CK (DFFR_X1)
     3    4.54    0.02    0.07    0.07 ^ if_stage_i.gen_prefetch_buffer.prefetch_buffer_i.rdata_outstanding_q[1]$_DFF_PN0_/QN (DFFR_X1)
                                         _00091_ (net)
                  0.02    0.00    0.07 ^ _22458_/B2 (AOI21_X1)
     1    1.09    0.01    0.01    0.09 v _22458_/ZN (AOI21_X1)
                                         if_stage_i.gen_prefetch_buffer.prefetch_buffer_i.rdata_outstanding_s[1] (net)
                  0.01    0.00    0.09 v if_stage_i.gen_prefetch_buffer.prefetch_buffer_i.rdata_outstanding_q[1]$_DFF_PN0_/D (DFFR_X1)
                                  0.09   data arrival time

                  0.00    0.00    0.00   clock core_clock (rise edge)
                          0.00    0.00   clock network delay (ideal)
                          0.00    0.00   clock reconvergence pessimism
                                  0.00 ^ if_stage_i.gen_prefetch_buffer.prefetch_buffer_i.rdata_outstanding_q[1]$_DFF_PN0_/CK (DFFR_X1)
                          0.00    0.00   library hold time
                                  0.00   data required time
-----------------------------------------------------------------------------
                                  0.00   data required time
                                 -0.09   data arrival time
-----------------------------------------------------------------------------
                                  0.09   slack (MET)



==========================================================================
global place report_checks -path_delay max
--------------------------------------------------------------------------
Startpoint: rst_ni (input port clocked by core_clock)
Endpoint: gen_regfile_ff.register_file_i.rf_reg[630]$_DFFE_PN0P_
          (recovery check against rising-edge clock core_clock)
Path Group: asynchronous
Path Type: max

Fanout     Cap    Slew   Delay    Time   Description
-----------------------------------------------------------------------------
                  0.00    0.00    0.00   clock core_clock (rise edge)
                          0.00    0.00   clock network delay (ideal)
                          0.44    0.44 ^ input external delay
  1658 3628.37    0.00    0.00    0.44 ^ rst_ni (in)
                                         rst_ni (net)
                  1.43    1.17    1.61 ^ gen_regfile_ff.register_file_i.rf_reg[630]$_DFFE_PN0P_/RN (DFFR_X1)
                                  1.61   data arrival time

                  0.00    2.20    2.20   clock core_clock (rise edge)
                          0.00    2.20   clock network delay (ideal)
                          0.00    2.20   clock reconvergence pessimism
                                  2.20 ^ gen_regfile_ff.register_file_i.rf_reg[630]$_DFFE_PN0P_/CK (DFFR_X1)
                         -0.29    1.91   library recovery time
                                  1.91   data required time
-----------------------------------------------------------------------------
                                  1.91   data required time
                                 -1.61   data arrival time
-----------------------------------------------------------------------------
                                  0.30   slack (MET)


Startpoint: core_clock_gate_i.en_latch$_DLATCH_N_
            (negative level-sensitive latch clocked by core_clock)
Endpoint: _22306_ (rising clock gating-check end-point clocked by core_clock)
Path Group: gated clock
Path Type: max

Fanout     Cap    Slew   Delay    Time   Description
-----------------------------------------------------------------------------
                  0.00    1.10    1.10   clock core_clock (fall edge)
                          0.00    1.10   clock network delay (ideal)
                  0.00    0.00    1.10 v core_clock_gate_i.en_latch$_DLATCH_N_/GN (DLL_X1)
     1    0.93    0.01    0.07    1.17 v core_clock_gate_i.en_latch$_DLATCH_N_/Q (DLL_X1)
                                         core_clock_gate_i.en_latch (net)
                  0.01    0.00    1.17 v _22306_/A2 (AND2_X1)
                                  1.17   data arrival time

                  0.00    2.20    2.20   clock core_clock (rise edge)
                          0.00    2.20   clock network delay (ideal)
                          0.00    2.20   clock reconvergence pessimism
                                  2.20 ^ _22306_/A1 (AND2_X1)
                          0.00    2.20   clock gating setup time
                                  2.20   data required time
-----------------------------------------------------------------------------
                                  2.20   data required time
                                 -1.17   data arrival time
-----------------------------------------------------------------------------
                                  1.03   slack (MET)


Startpoint: if_stage_i.instr_rdata_id_o[20]$_DFFE_PN_
            (rising edge-triggered flip-flop clocked by core_clock)
Endpoint: gen_regfile_ff.register_file_i.rf_reg[255]$_DFFE_PN0P_
          (rising edge-triggered flip-flop clocked by core_clock)
Path Group: core_clock
Path Type: max

Fanout     Cap    Slew   Delay    Time   Description
-----------------------------------------------------------------------------
                  0.00    0.00    0.00   clock core_clock (rise edge)
                          0.00    0.00   clock network delay (ideal)
                  0.00    0.00    0.00 ^ if_stage_i.instr_rdata_id_o[20]$_DFFE_PN_/CK (DFF_X1)
     1    3.50    0.01    0.09    0.09 ^ if_stage_i.instr_rdata_id_o[20]$_DFFE_PN_/Q (DFF_X1)
                                         gen_regfile_ff.register_file_i.raddr_b_i[0] (net)
                  0.01    0.00    0.09 ^ _22696_/A (BUF_X4)
     6   31.76    0.02    0.04    0.13 ^ _22696_/Z (BUF_X4)
                                         _10824_ (net)
                  0.02    0.00    0.13 ^ _22704_/A (BUF_X8)
    28   92.67    0.02    0.04    0.17 ^ _22704_/Z (BUF_X8)
                                         _10832_ (net)
                  0.02    0.00    0.17 ^ _23109_/A (BUF_X4)
    10   45.87    0.03    0.05    0.21 ^ _23109_/Z (BUF_X4)
                                         _11226_ (net)
                  0.03    0.01    0.22 ^ _24251_/A (BUF_X4)
    10   32.39    0.02    0.04    0.26 ^ _24251_/Z (BUF_X4)
                                         _12313_ (net)
                  0.02    0.00    0.26 ^ _24252_/A (BUF_X4)
    10   39.04    0.02    0.04    0.31 ^ _24252_/Z (BUF_X4)
                                         _12314_ (net)
                  0.02    0.01    0.31 ^ _24271_/A (BUF_X4)
    10   35.89    0.02    0.04    0.35 ^ _24271_/Z (BUF_X4)
                                         _12333_ (net)
                  0.02    0.00    0.35 ^ _24874_/A (BUF_X4)
    10   31.70    0.02    0.04    0.39 ^ _24874_/Z (BUF_X4)
                                         _12902_ (net)
                  0.02    0.01    0.40 ^ _25756_/S (MUX2_X1)
     1    1.28    0.01    0.06    0.46 v _25756_/Z (MUX2_X1)
                                         _13734_ (net)
                  0.01    0.00    0.46 v _25760_/A (MUX2_X1)
     1    5.77    0.01    0.07    0.52 v _25760_/Z (MUX2_X1)
                                         _13738_ (net)
                  0.01    0.00    0.52 v _25761_/A2 (NOR2_X1)
     1    3.65    0.02    0.04    0.56 ^ _25761_/ZN (NOR2_X1)
                                         _13739_ (net)
                  0.02    0.00    0.56 ^ _25762_/A3 (NOR3_X2)
     1    6.69    0.01    0.02    0.58 v _25762_/ZN (NOR3_X2)
                                         _13740_ (net)
                  0.01    0.00    0.58 v _25778_/A (AOI21_X4)
     8   38.92    0.06    0.08    0.66 ^ _25778_/ZN (AOI21_X4)
                                         _13756_ (net)
                  0.06    0.01    0.67 ^ _26692_/B2 (AOI21_X4)
     8   19.72    0.02    0.03    0.70 v _26692_/ZN (AOI21_X4)
                                         _03821_ (net)
                  0.02    0.00    0.70 v _26693_/A (CLKBUF_X3)
    10   20.64    0.02    0.05    0.75 v _26693_/Z (CLKBUF_X3)
                                         _03822_ (net)
                  0.02    0.00    0.75 v _26743_/A2 (NOR2_X1)
     1    2.86    0.02    0.04    0.79 ^ _26743_/ZN (NOR2_X1)
                                         _14978_ (net)
                  0.02    0.00    0.79 ^ _30237_/CI (FA_X1)
     1    2.24    0.02    0.09    0.89 v _30237_/S (FA_X1)
                                         _14980_ (net)
                  0.02    0.00    0.89 v _27233_/A (INV_X1)
     1    3.96    0.01    0.02    0.91 ^ _27233_/ZN (INV_X1)
                                         _14981_ (net)
                  0.01    0.00    0.91 ^ _30238_/A (FA_X1)
     1    1.83    0.01    0.09    0.99 v _30238_/S (FA_X1)
                                         _14983_ (net)
                  0.01    0.00    0.99 v _27454_/A (INV_X1)
     1    2.77    0.01    0.02    1.01 ^ _27454_/ZN (INV_X1)
                                         _14985_ (net)
                  0.01    0.00    1.01 ^ _30239_/CI (FA_X1)
     1    1.91    0.02    0.09    1.10 v _30239_/S (FA_X1)
                                         _14988_ (net)
                  0.02    0.00    1.10 v _27220_/A (INV_X1)
     1    3.09    0.01    0.02    1.12 ^ _27220_/ZN (INV_X1)
                                         _14989_ (net)
                  0.01    0.00    1.12 ^ _30240_/CI (FA_X1)
     1    3.97    0.02    0.09    1.22 v _30240_/S (FA_X1)
                                         _14991_ (net)
                  0.02    0.00    1.22 v _30241_/B (FA_X1)
     1    3.51    0.01    0.13    1.34 ^ _30241_/S (FA_X1)
                                         _14994_ (net)
                  0.01    0.00    1.34 ^ _27590_/A (INV_X2)
     1    3.61    0.01    0.01    1.35 v _27590_/ZN (INV_X2)
                                         _14997_ (net)
                  0.01    0.00    1.35 v _30242_/B (FA_X1)
     1    4.95    0.02    0.10    1.45 v _30242_/S (FA_X1)
                                         _14999_ (net)
                  0.02    0.00    1.45 v _30579_/B (HA_X1)
     4    9.45    0.02    0.07    1.52 v _30579_/S (HA_X1)
                                         _16139_ (net)
                  0.02    0.00    1.52 v _17692_/A1 (AND2_X1)
     3    5.62    0.01    0.04    1.56 v _17692_/ZN (AND2_X1)
                                         _07303_ (net)
                  0.01    0.00    1.56 v _17693_/B2 (AOI221_X2)
     1    3.35    0.04    0.08    1.64 ^ _17693_/ZN (AOI221_X2)
                                         _07304_ (net)
                  0.04    0.00    1.64 ^ _17695_/A (OAI21_X2)
     2    8.92    0.02    0.03    1.67 v _17695_/ZN (OAI21_X2)
                                         _07306_ (net)
                  0.02    0.00    1.68 v _17770_/B1 (OAI221_X2)
     3    8.86    0.05    0.07    1.74 ^ _17770_/ZN (OAI221_X2)
                                         _07379_ (net)
                  0.05    0.00    1.74 ^ _17874_/B1 (OAI21_X2)
     3    6.51    0.02    0.03    1.77 v _17874_/ZN (OAI21_X2)
                                         _07480_ (net)
                  0.02    0.00    1.77 v _17985_/B1 (OAI221_X2)
     2    5.69    0.04    0.06    1.82 ^ _17985_/ZN (OAI221_X2)
                                         _07587_ (net)
                  0.04    0.00    1.82 ^ _18057_/B1 (OAI21_X2)
     2    5.53    0.02    0.02    1.85 v _18057_/ZN (OAI21_X2)
                                         _07657_ (net)
                  0.02    0.00    1.85 v _18110_/B1 (OAI221_X2)
     3    6.70    0.04    0.06    1.91 ^ _18110_/ZN (OAI221_X2)
                                         _07708_ (net)
                  0.04    0.00    1.91 ^ _18270_/B1 (OAI21_X1)
     1    1.06    0.01    0.02    1.92 v _18270_/ZN (OAI21_X1)
                                         _07863_ (net)
                  0.01    0.00    1.92 v _18271_/A1 (OR2_X1)
     1    1.72    0.01    0.05    1.97 v _18271_/ZN (OR2_X1)
                                         _07864_ (net)
                  0.01    0.00    1.97 v _18272_/B2 (AOI21_X1)
     2    3.99    0.03    0.04    2.01 ^ _18272_/ZN (AOI21_X1)
                                         _07865_ (net)
                  0.03    0.00    2.01 ^ _18273_/A (XOR2_X1)
     1    3.42    0.03    0.06    2.07 ^ _18273_/Z (XOR2_X1)
                                         _07866_ (net)
                  0.03    0.00    2.07 ^ _18274_/B (MUX2_X1)
     2    7.94    0.02    0.06    2.13 ^ _18274_/Z (MUX2_X1)
                                         _07867_ (net)
                  0.02    0.00    2.13 ^ _18275_/B2 (AOI221_X2)
     1    4.99    0.02    0.03    2.16 v _18275_/ZN (AOI221_X2)
                                         _07868_ (net)
                  0.02    0.00    2.16 v _18293_/B2 (OAI33_X1)
     1    1.85    0.06    0.08    2.24 ^ _18293_/ZN (OAI33_X1)
                                         _07886_ (net)
                  0.06    0.00    2.24 ^ wire14/A (BUF_X2)
     4   23.41    0.03    0.05    2.29 ^ wire14/Z (BUF_X2)
                                         net34 (net)
                  0.03    0.01    2.30 ^ max_cap13/A (CLKBUF_X2)
     4    9.06    0.01    0.04    2.34 ^ max_cap13/Z (CLKBUF_X2)
                                         net33 (net)
                  0.01    0.00    2.34 ^ clone1/A (BUF_X2)
     5    9.87    0.01    0.03    2.37 ^ clone1/Z (BUF_X2)
                                         net1 (net)
                  0.01    0.00    2.37 ^ _18709_/B2 (OAI21_X1)
     1    1.19    0.01    0.02    2.39 v _18709_/ZN (OAI21_X1)
                                         _01819_ (net)
                  0.01    0.00    2.39 v gen_regfile_ff.register_file_i.rf_reg[255]$_DFFE_PN0P_/D (DFFR_X1)
                                  2.39   data arrival time

                  0.00    2.20    2.20   clock core_clock (rise edge)
                          0.00    2.20   clock network delay (ideal)
                          0.00    2.20   clock reconvergence pessimism
                                  2.20 ^ gen_regfile_ff.register_file_i.rf_reg[255]$_DFFE_PN0P_/CK (DFFR_X1)
                         -0.04    2.16   library setup time
                                  2.16   data required time
-----------------------------------------------------------------------------
                                  2.16   data required time
                                 -2.39   data arrival time
-----------------------------------------------------------------------------
                                 -0.23   slack (VIOLATED)



==========================================================================
global place report_checks -unconstrained
--------------------------------------------------------------------------
Startpoint: rst_ni (input port clocked by core_clock)
Endpoint: gen_regfile_ff.register_file_i.rf_reg[630]$_DFFE_PN0P_
          (recovery check against rising-edge clock core_clock)
Path Group: asynchronous
Path Type: max

Fanout     Cap    Slew   Delay    Time   Description
-----------------------------------------------------------------------------
                  0.00    0.00    0.00   clock core_clock (rise edge)
                          0.00    0.00   clock network delay (ideal)
                          0.44    0.44 ^ input external delay
  1658 3628.37    0.00    0.00    0.44 ^ rst_ni (in)
                                         rst_ni (net)
                  1.43    1.17    1.61 ^ gen_regfile_ff.register_file_i.rf_reg[630]$_DFFE_PN0P_/RN (DFFR_X1)
                                  1.61   data arrival time

                  0.00    2.20    2.20   clock core_clock (rise edge)
                          0.00    2.20   clock network delay (ideal)
                          0.00    2.20   clock reconvergence pessimism
                                  2.20 ^ gen_regfile_ff.register_file_i.rf_reg[630]$_DFFE_PN0P_/CK (DFFR_X1)
                         -0.29    1.91   library recovery time
                                  1.91   data required time
-----------------------------------------------------------------------------
                                  1.91   data required time
                                 -1.61   data arrival time
-----------------------------------------------------------------------------
                                  0.30   slack (MET)


Startpoint: core_clock_gate_i.en_latch$_DLATCH_N_
            (negative level-sensitive latch clocked by core_clock)
Endpoint: _22306_ (rising clock gating-check end-point clocked by core_clock)
Path Group: gated clock
Path Type: max

Fanout     Cap    Slew   Delay    Time   Description
-----------------------------------------------------------------------------
                  0.00    1.10    1.10   clock core_clock (fall edge)
                          0.00    1.10   clock network delay (ideal)
                  0.00    0.00    1.10 v core_clock_gate_i.en_latch$_DLATCH_N_/GN (DLL_X1)
     1    0.93    0.01    0.07    1.17 v core_clock_gate_i.en_latch$_DLATCH_N_/Q (DLL_X1)
                                         core_clock_gate_i.en_latch (net)
                  0.01    0.00    1.17 v _22306_/A2 (AND2_X1)
                                  1.17   data arrival time

                  0.00    2.20    2.20   clock core_clock (rise edge)
                          0.00    2.20   clock network delay (ideal)
                          0.00    2.20   clock reconvergence pessimism
                                  2.20 ^ _22306_/A1 (AND2_X1)
                          0.00    2.20   clock gating setup time
                                  2.20   data required time
-----------------------------------------------------------------------------
                                  2.20   data required time
                                 -1.17   data arrival time
-----------------------------------------------------------------------------
                                  1.03   slack (MET)


Startpoint: if_stage_i.instr_rdata_id_o[20]$_DFFE_PN_
            (rising edge-triggered flip-flop clocked by core_clock)
Endpoint: gen_regfile_ff.register_file_i.rf_reg[255]$_DFFE_PN0P_
          (rising edge-triggered flip-flop clocked by core_clock)
Path Group: core_clock
Path Type: max

Fanout     Cap    Slew   Delay    Time   Description
-----------------------------------------------------------------------------
                  0.00    0.00    0.00   clock core_clock (rise edge)
                          0.00    0.00   clock network delay (ideal)
                  0.00    0.00    0.00 ^ if_stage_i.instr_rdata_id_o[20]$_DFFE_PN_/CK (DFF_X1)
     1    3.50    0.01    0.09    0.09 ^ if_stage_i.instr_rdata_id_o[20]$_DFFE_PN_/Q (DFF_X1)
                                         gen_regfile_ff.register_file_i.raddr_b_i[0] (net)
                  0.01    0.00    0.09 ^ _22696_/A (BUF_X4)
     6   31.76    0.02    0.04    0.13 ^ _22696_/Z (BUF_X4)
                                         _10824_ (net)
                  0.02    0.00    0.13 ^ _22704_/A (BUF_X8)
    28   92.67    0.02    0.04    0.17 ^ _22704_/Z (BUF_X8)
                                         _10832_ (net)
                  0.02    0.00    0.17 ^ _23109_/A (BUF_X4)
    10   45.87    0.03    0.05    0.21 ^ _23109_/Z (BUF_X4)
                                         _11226_ (net)
                  0.03    0.01    0.22 ^ _24251_/A (BUF_X4)
    10   32.39    0.02    0.04    0.26 ^ _24251_/Z (BUF_X4)
                                         _12313_ (net)
                  0.02    0.00    0.26 ^ _24252_/A (BUF_X4)
    10   39.04    0.02    0.04    0.31 ^ _24252_/Z (BUF_X4)
                                         _12314_ (net)
                  0.02    0.01    0.31 ^ _24271_/A (BUF_X4)
    10   35.89    0.02    0.04    0.35 ^ _24271_/Z (BUF_X4)
                                         _12333_ (net)
                  0.02    0.00    0.35 ^ _24874_/A (BUF_X4)
    10   31.70    0.02    0.04    0.39 ^ _24874_/Z (BUF_X4)
                                         _12902_ (net)
                  0.02    0.01    0.40 ^ _25756_/S (MUX2_X1)
     1    1.28    0.01    0.06    0.46 v _25756_/Z (MUX2_X1)
                                         _13734_ (net)
                  0.01    0.00    0.46 v _25760_/A (MUX2_X1)
     1    5.77    0.01    0.07    0.52 v _25760_/Z (MUX2_X1)
                                         _13738_ (net)
                  0.01    0.00    0.52 v _25761_/A2 (NOR2_X1)
     1    3.65    0.02    0.04    0.56 ^ _25761_/ZN (NOR2_X1)
                                         _13739_ (net)
                  0.02    0.00    0.56 ^ _25762_/A3 (NOR3_X2)
     1    6.69    0.01    0.02    0.58 v _25762_/ZN (NOR3_X2)
                                         _13740_ (net)
                  0.01    0.00    0.58 v _25778_/A (AOI21_X4)
     8   38.92    0.06    0.08    0.66 ^ _25778_/ZN (AOI21_X4)
                                         _13756_ (net)
                  0.06    0.01    0.67 ^ _26692_/B2 (AOI21_X4)
     8   19.72    0.02    0.03    0.70 v _26692_/ZN (AOI21_X4)
                                         _03821_ (net)
                  0.02    0.00    0.70 v _26693_/A (CLKBUF_X3)
    10   20.64    0.02    0.05    0.75 v _26693_/Z (CLKBUF_X3)
                                         _03822_ (net)
                  0.02    0.00    0.75 v _26743_/A2 (NOR2_X1)
     1    2.86    0.02    0.04    0.79 ^ _26743_/ZN (NOR2_X1)
                                         _14978_ (net)
                  0.02    0.00    0.79 ^ _30237_/CI (FA_X1)
     1    2.24    0.02    0.09    0.89 v _30237_/S (FA_X1)
                                         _14980_ (net)
                  0.02    0.00    0.89 v _27233_/A (INV_X1)
     1    3.96    0.01    0.02    0.91 ^ _27233_/ZN (INV_X1)
                                         _14981_ (net)
                  0.01    0.00    0.91 ^ _30238_/A (FA_X1)
     1    1.83    0.01    0.09    0.99 v _30238_/S (FA_X1)
                                         _14983_ (net)
                  0.01    0.00    0.99 v _27454_/A (INV_X1)
     1    2.77    0.01    0.02    1.01 ^ _27454_/ZN (INV_X1)
                                         _14985_ (net)
                  0.01    0.00    1.01 ^ _30239_/CI (FA_X1)
     1    1.91    0.02    0.09    1.10 v _30239_/S (FA_X1)
                                         _14988_ (net)
                  0.02    0.00    1.10 v _27220_/A (INV_X1)
     1    3.09    0.01    0.02    1.12 ^ _27220_/ZN (INV_X1)
                                         _14989_ (net)
                  0.01    0.00    1.12 ^ _30240_/CI (FA_X1)
     1    3.97    0.02    0.09    1.22 v _30240_/S (FA_X1)
                                         _14991_ (net)
                  0.02    0.00    1.22 v _30241_/B (FA_X1)
     1    3.51    0.01    0.13    1.34 ^ _30241_/S (FA_X1)
                                         _14994_ (net)
                  0.01    0.00    1.34 ^ _27590_/A (INV_X2)
     1    3.61    0.01    0.01    1.35 v _27590_/ZN (INV_X2)
                                         _14997_ (net)
                  0.01    0.00    1.35 v _30242_/B (FA_X1)
     1    4.95    0.02    0.10    1.45 v _30242_/S (FA_X1)
                                         _14999_ (net)
                  0.02    0.00    1.45 v _30579_/B (HA_X1)
     4    9.45    0.02    0.07    1.52 v _30579_/S (HA_X1)
                                         _16139_ (net)
                  0.02    0.00    1.52 v _17692_/A1 (AND2_X1)
     3    5.62    0.01    0.04    1.56 v _17692_/ZN (AND2_X1)
                                         _07303_ (net)
                  0.01    0.00    1.56 v _17693_/B2 (AOI221_X2)
     1    3.35    0.04    0.08    1.64 ^ _17693_/ZN (AOI221_X2)
                                         _07304_ (net)
                  0.04    0.00    1.64 ^ _17695_/A (OAI21_X2)
     2    8.92    0.02    0.03    1.67 v _17695_/ZN (OAI21_X2)
                                         _07306_ (net)
                  0.02    0.00    1.68 v _17770_/B1 (OAI221_X2)
     3    8.86    0.05    0.07    1.74 ^ _17770_/ZN (OAI221_X2)
                                         _07379_ (net)
                  0.05    0.00    1.74 ^ _17874_/B1 (OAI21_X2)
     3    6.51    0.02    0.03    1.77 v _17874_/ZN (OAI21_X2)
                                         _07480_ (net)
                  0.02    0.00    1.77 v _17985_/B1 (OAI221_X2)
     2    5.69    0.04    0.06    1.82 ^ _17985_/ZN (OAI221_X2)
                                         _07587_ (net)
                  0.04    0.00    1.82 ^ _18057_/B1 (OAI21_X2)
     2    5.53    0.02    0.02    1.85 v _18057_/ZN (OAI21_X2)
                                         _07657_ (net)
                  0.02    0.00    1.85 v _18110_/B1 (OAI221_X2)
     3    6.70    0.04    0.06    1.91 ^ _18110_/ZN (OAI221_X2)
                                         _07708_ (net)
                  0.04    0.00    1.91 ^ _18270_/B1 (OAI21_X1)
     1    1.06    0.01    0.02    1.92 v _18270_/ZN (OAI21_X1)
                                         _07863_ (net)
                  0.01    0.00    1.92 v _18271_/A1 (OR2_X1)
     1    1.72    0.01    0.05    1.97 v _18271_/ZN (OR2_X1)
                                         _07864_ (net)
                  0.01    0.00    1.97 v _18272_/B2 (AOI21_X1)
     2    3.99    0.03    0.04    2.01 ^ _18272_/ZN (AOI21_X1)
                                         _07865_ (net)
                  0.03    0.00    2.01 ^ _18273_/A (XOR2_X1)
     1    3.42    0.03    0.06    2.07 ^ _18273_/Z (XOR2_X1)
                                         _07866_ (net)
                  0.03    0.00    2.07 ^ _18274_/B (MUX2_X1)
     2    7.94    0.02    0.06    2.13 ^ _18274_/Z (MUX2_X1)
                                         _07867_ (net)
                  0.02    0.00    2.13 ^ _18275_/B2 (AOI221_X2)
     1    4.99    0.02    0.03    2.16 v _18275_/ZN (AOI221_X2)
                                         _07868_ (net)
                  0.02    0.00    2.16 v _18293_/B2 (OAI33_X1)
     1    1.85    0.06    0.08    2.24 ^ _18293_/ZN (OAI33_X1)
                                         _07886_ (net)
                  0.06    0.00    2.24 ^ wire14/A (BUF_X2)
     4   23.41    0.03    0.05    2.29 ^ wire14/Z (BUF_X2)
                                         net34 (net)
                  0.03    0.01    2.30 ^ max_cap13/A (CLKBUF_X2)
     4    9.06    0.01    0.04    2.34 ^ max_cap13/Z (CLKBUF_X2)
                                         net33 (net)
                  0.01    0.00    2.34 ^ clone1/A (BUF_X2)
     5    9.87    0.01    0.03    2.37 ^ clone1/Z (BUF_X2)
                                         net1 (net)
                  0.01    0.00    2.37 ^ _18709_/B2 (OAI21_X1)
     1    1.19    0.01    0.02    2.39 v _18709_/ZN (OAI21_X1)
                                         _01819_ (net)
                  0.01    0.00    2.39 v gen_regfile_ff.register_file_i.rf_reg[255]$_DFFE_PN0P_/D (DFFR_X1)
                                  2.39   data arrival time

                  0.00    2.20    2.20   clock core_clock (rise edge)
                          0.00    2.20   clock network delay (ideal)
                          0.00    2.20   clock reconvergence pessimism
                                  2.20 ^ gen_regfile_ff.register_file_i.rf_reg[255]$_DFFE_PN0P_/CK (DFFR_X1)
                         -0.04    2.16   library setup time
                                  2.16   data required time
-----------------------------------------------------------------------------
                                  2.16   data required time
                                 -2.39   data arrival time
-----------------------------------------------------------------------------
                                 -0.23   slack (VIOLATED)



==========================================================================
global place report_power
--------------------------------------------------------------------------
Group                  Internal  Switching    Leakage      Total
                          Power      Power      Power      Power (Watts)
----------------------------------------------------------------
Sequential             1.19e-02   1.65e-03   1.64e-04   1.37e-02  13.6%
Combinational          4.03e-02   4.61e-02   6.01e-04   8.70e-02  86.1%
Clock                  1.64e-06   3.75e-04   2.97e-08   3.77e-04   0.4%
Macro                  0.00e+00   0.00e+00   0.00e+00   0.00e+00   0.0%
Pad                    0.00e+00   0.00e+00   0.00e+00   0.00e+00   0.0%
----------------------------------------------------------------
Total                  5.22e-02   4.81e-02   7.65e-04   1.01e-01 100.0%
                          51.6%      47.6%       0.8%
