
==========================================================================
detailed place report_tns
--------------------------------------------------------------------------
tns -10268.66

==========================================================================
detailed place report_wns
--------------------------------------------------------------------------
wns -98.99

==========================================================================
detailed place report_worst_slack
--------------------------------------------------------------------------
worst slack -98.99

==========================================================================
detailed place report_checks -path_delay min
--------------------------------------------------------------------------
Startpoint: u0.w[1][13]$_DFF_P_ (rising edge-triggered flip-flop clocked by clk)
Endpoint: text_out[77]$_DFF_P_ (rising edge-triggered flip-flop clocked by clk)
Path Group: clk
Path Type: min

Fanout     Cap    Slew   Delay    Time   Description
-----------------------------------------------------------------------------
                  0.00    0.00    0.00   clock clk (rise edge)
                          0.00    0.00   clock network delay (ideal)
                  0.00    0.00    0.00 ^ u0.w[1][13]$_DFF_P_/CLK (DFFHQNx2_ASAP7_75t_R)
     2    2.33   18.09   40.18   40.18 ^ u0.w[1][13]$_DFF_P_/QN (DFFHQNx2_ASAP7_75t_R)
                                         _01031_ (net)
                 18.09    0.03   40.21 ^ _30685_/B (XOR2x1_ASAP7_75t_R)
     1    0.80    8.05   10.65   50.86 v _30685_/Y (XOR2x1_ASAP7_75t_R)
                                         _00262_ (net)
                  8.05    0.03   50.89 v text_out[77]$_DFF_P_/D (DFFHQNx2_ASAP7_75t_R)
                                 50.89   data arrival time

                  0.00    0.00    0.00   clock clk (rise edge)
                          0.00    0.00   clock network delay (ideal)
                          0.00    0.00   clock reconvergence pessimism
                                  0.00 ^ text_out[77]$_DFF_P_/CLK (DFFHQNx2_ASAP7_75t_R)
                          6.87    6.87   library hold time
                                  6.87   data required time
-----------------------------------------------------------------------------
                                  6.87   data required time
                                -50.89   data arrival time
-----------------------------------------------------------------------------
                                 44.02   slack (MET)



==========================================================================
detailed place report_checks -path_delay max
--------------------------------------------------------------------------
Startpoint: ld_r$_DFF_P_ (rising edge-triggered flip-flop clocked by clk)
Endpoint: sa03_sr[2]$_DFF_P_ (rising edge-triggered flip-flop clocked by clk)
Path Group: clk
Path Type: max

Fanout     Cap    Slew   Delay    Time   Description
-----------------------------------------------------------------------------
                  0.00    0.00    0.00   clock clk (rise edge)
                          0.00    0.00   clock network delay (ideal)
                  0.00    0.00    0.00 ^ ld_r$_DFF_P_/CLK (DFFHQNx1_ASAP7_75t_R)
     1    1.11   14.95   34.02   34.02 ^ ld_r$_DFF_P_/QN (DFFHQNx1_ASAP7_75t_R)
                                         _00731_ (net)
                 14.95    0.00   34.03 ^ _18939_/A (BUFx4f_ASAP7_75t_R)
     3    7.96   15.36   19.01   53.04 ^ _18939_/Y (BUFx4f_ASAP7_75t_R)
                                         _10618_ (net)
                 15.36    0.07   53.11 ^ _18940_/A (BUFx16f_ASAP7_75t_R)
    10   31.69   21.20   19.37   72.48 ^ _18940_/Y (BUFx16f_ASAP7_75t_R)
                                         _10619_ (net)
                 26.79    5.43   77.91 ^ _18987_/A (BUFx16f_ASAP7_75t_R)
    10   25.08   17.59   22.75  100.67 ^ _18987_/Y (BUFx16f_ASAP7_75t_R)
                                         _10665_ (net)
                 18.59    2.20  102.86 ^ _18988_/A (BUFx16f_ASAP7_75t_R)
    10   26.41   17.96   19.37  122.23 ^ _18988_/Y (BUFx16f_ASAP7_75t_R)
                                         _10666_ (net)
                 32.02    8.68  130.91 ^ _21227_/A (NOR2x1_ASAP7_75t_R)
     1    2.01   20.48   19.22  150.13 v _21227_/Y (NOR2x1_ASAP7_75t_R)
                                         _12863_ (net)
                 20.48    0.02  150.15 v _21228_/A (INVx3_ASAP7_75t_R)
     4    6.83   18.55   14.03  164.18 ^ _21228_/Y (INVx3_ASAP7_75t_R)
                                         _12864_ (net)
                 18.57    0.33  164.51 ^ _21258_/A2 (AO21x1_ASAP7_75t_R)
     1    2.23   17.24   20.18  184.69 ^ _21258_/Y (AO21x1_ASAP7_75t_R)
                                         _12892_ (net)
                 17.24    0.02  184.71 ^ _21259_/B (NAND2x2_ASAP7_75t_R)
     8   13.21   39.25   23.05  207.76 v _21259_/Y (NAND2x2_ASAP7_75t_R)
                                         _12893_ (net)
                 39.31    0.90  208.67 v _21260_/A (BUFx10_ASAP7_75t_R)
    12   16.98   16.46   29.65  238.31 v _21260_/Y (BUFx10_ASAP7_75t_R)
                                         _15852_ (net)
                 17.45    2.14  240.46 v _31283_/B (HAxp5_ASAP7_75t_R)
     4    4.73   95.45   76.23  316.68 v _31283_/SN (HAxp5_ASAP7_75t_R)
                                         _00524_ (net)
                 95.45    0.10  316.78 v _21457_/A (INVx1_ASAP7_75t_R)
     3    2.79   37.55   30.26  347.04 ^ _21457_/Y (INVx1_ASAP7_75t_R)
                                         _13088_ (net)
                 37.55    0.04  347.07 ^ _21458_/B (OAI21x1_ASAP7_75t_R)
     7    9.69   52.50   34.03  381.10 v _21458_/Y (OAI21x1_ASAP7_75t_R)
                                         _13089_ (net)
                 52.53    0.65  381.76 v _21459_/A (NAND2x2_ASAP7_75t_R)
     5    5.84   34.78   31.45  413.20 ^ _21459_/Y (NAND2x2_ASAP7_75t_R)
                                         _13090_ (net)
                 34.78    0.12  413.32 ^ _21663_/A2 (OAI22x1_ASAP7_75t_R)
     1    1.15   23.10   13.65  426.98 v _21663_/Y (OAI22x1_ASAP7_75t_R)
                                         _13292_ (net)
                 23.10    0.01  426.99 v _21664_/A2 (AOI21x1_ASAP7_75t_R)
     1    1.19   22.79   12.45  439.44 ^ _21664_/Y (AOI21x1_ASAP7_75t_R)
                                         _13293_ (net)
                 22.79    0.03  439.46 ^ _21665_/B (NAND2x1_ASAP7_75t_R)
     1    1.72   15.42   12.61  452.07 v _21665_/Y (NAND2x1_ASAP7_75t_R)
                                         _13294_ (net)
                 15.42    0.17  452.24 v _21666_/B (NOR2x1_ASAP7_75t_R)
     1    1.20   13.93   11.38  463.62 ^ _21666_/Y (NOR2x1_ASAP7_75t_R)
                                         _13295_ (net)
                 13.93    0.03  463.64 ^ _21667_/A2 (OAI21x1_ASAP7_75t_R)
     1    1.11   19.41    8.47  472.11 v _21667_/Y (OAI21x1_ASAP7_75t_R)
                                         _13296_ (net)
                 19.41    0.01  472.12 v _21668_/B (NAND2x1_ASAP7_75t_R)
     1    0.94   12.85   12.23  484.34 ^ _21668_/Y (NAND2x1_ASAP7_75t_R)
                                         _00058_ (net)
                 12.85    0.05  484.39 ^ sa03_sr[2]$_DFF_P_/D (DFFHQNx2_ASAP7_75t_R)
                                484.39   data arrival time

                  0.00  400.00  400.00   clock clk (rise edge)
                          0.00  400.00   clock network delay (ideal)
                          0.00  400.00   clock reconvergence pessimism
                                400.00 ^ sa03_sr[2]$_DFF_P_/CLK (DFFHQNx2_ASAP7_75t_R)
                        -14.60  385.40   library setup time
                                385.40   data required time
-----------------------------------------------------------------------------
                                385.40   data required time
                               -484.39   data arrival time
-----------------------------------------------------------------------------
                                -98.99   slack (VIOLATED)



==========================================================================
detailed place report_checks -unconstrained
--------------------------------------------------------------------------
Startpoint: ld_r$_DFF_P_ (rising edge-triggered flip-flop clocked by clk)
Endpoint: sa03_sr[2]$_DFF_P_ (rising edge-triggered flip-flop clocked by clk)
Path Group: clk
Path Type: max

Fanout     Cap    Slew   Delay    Time   Description
-----------------------------------------------------------------------------
                  0.00    0.00    0.00   clock clk (rise edge)
                          0.00    0.00   clock network delay (ideal)
                  0.00    0.00    0.00 ^ ld_r$_DFF_P_/CLK (DFFHQNx1_ASAP7_75t_R)
     1    1.11   14.95   34.02   34.02 ^ ld_r$_DFF_P_/QN (DFFHQNx1_ASAP7_75t_R)
                                         _00731_ (net)
                 14.95    0.00   34.03 ^ _18939_/A (BUFx4f_ASAP7_75t_R)
     3    7.96   15.36   19.01   53.04 ^ _18939_/Y (BUFx4f_ASAP7_75t_R)
                                         _10618_ (net)
                 15.36    0.07   53.11 ^ _18940_/A (BUFx16f_ASAP7_75t_R)
    10   31.69   21.20   19.37   72.48 ^ _18940_/Y (BUFx16f_ASAP7_75t_R)
                                         _10619_ (net)
                 26.79    5.43   77.91 ^ _18987_/A (BUFx16f_ASAP7_75t_R)
    10   25.08   17.59   22.75  100.67 ^ _18987_/Y (BUFx16f_ASAP7_75t_R)
                                         _10665_ (net)
                 18.59    2.20  102.86 ^ _18988_/A (BUFx16f_ASAP7_75t_R)
    10   26.41   17.96   19.37  122.23 ^ _18988_/Y (BUFx16f_ASAP7_75t_R)
                                         _10666_ (net)
                 32.02    8.68  130.91 ^ _21227_/A (NOR2x1_ASAP7_75t_R)
     1    2.01   20.48   19.22  150.13 v _21227_/Y (NOR2x1_ASAP7_75t_R)
                                         _12863_ (net)
                 20.48    0.02  150.15 v _21228_/A (INVx3_ASAP7_75t_R)
     4    6.83   18.55   14.03  164.18 ^ _21228_/Y (INVx3_ASAP7_75t_R)
                                         _12864_ (net)
                 18.57    0.33  164.51 ^ _21258_/A2 (AO21x1_ASAP7_75t_R)
     1    2.23   17.24   20.18  184.69 ^ _21258_/Y (AO21x1_ASAP7_75t_R)
                                         _12892_ (net)
                 17.24    0.02  184.71 ^ _21259_/B (NAND2x2_ASAP7_75t_R)
     8   13.21   39.25   23.05  207.76 v _21259_/Y (NAND2x2_ASAP7_75t_R)
                                         _12893_ (net)
                 39.31    0.90  208.67 v _21260_/A (BUFx10_ASAP7_75t_R)
    12   16.98   16.46   29.65  238.31 v _21260_/Y (BUFx10_ASAP7_75t_R)
                                         _15852_ (net)
                 17.45    2.14  240.46 v _31283_/B (HAxp5_ASAP7_75t_R)
     4    4.73   95.45   76.23  316.68 v _31283_/SN (HAxp5_ASAP7_75t_R)
                                         _00524_ (net)
                 95.45    0.10  316.78 v _21457_/A (INVx1_ASAP7_75t_R)
     3    2.79   37.55   30.26  347.04 ^ _21457_/Y (INVx1_ASAP7_75t_R)
                                         _13088_ (net)
                 37.55    0.04  347.07 ^ _21458_/B (OAI21x1_ASAP7_75t_R)
     7    9.69   52.50   34.03  381.10 v _21458_/Y (OAI21x1_ASAP7_75t_R)
                                         _13089_ (net)
                 52.53    0.65  381.76 v _21459_/A (NAND2x2_ASAP7_75t_R)
     5    5.84   34.78   31.45  413.20 ^ _21459_/Y (NAND2x2_ASAP7_75t_R)
                                         _13090_ (net)
                 34.78    0.12  413.32 ^ _21663_/A2 (OAI22x1_ASAP7_75t_R)
     1    1.15   23.10   13.65  426.98 v _21663_/Y (OAI22x1_ASAP7_75t_R)
                                         _13292_ (net)
                 23.10    0.01  426.99 v _21664_/A2 (AOI21x1_ASAP7_75t_R)
     1    1.19   22.79   12.45  439.44 ^ _21664_/Y (AOI21x1_ASAP7_75t_R)
                                         _13293_ (net)
                 22.79    0.03  439.46 ^ _21665_/B (NAND2x1_ASAP7_75t_R)
     1    1.72   15.42   12.61  452.07 v _21665_/Y (NAND2x1_ASAP7_75t_R)
                                         _13294_ (net)
                 15.42    0.17  452.24 v _21666_/B (NOR2x1_ASAP7_75t_R)
     1    1.20   13.93   11.38  463.62 ^ _21666_/Y (NOR2x1_ASAP7_75t_R)
                                         _13295_ (net)
                 13.93    0.03  463.64 ^ _21667_/A2 (OAI21x1_ASAP7_75t_R)
     1    1.11   19.41    8.47  472.11 v _21667_/Y (OAI21x1_ASAP7_75t_R)
                                         _13296_ (net)
                 19.41    0.01  472.12 v _21668_/B (NAND2x1_ASAP7_75t_R)
     1    0.94   12.85   12.23  484.34 ^ _21668_/Y (NAND2x1_ASAP7_75t_R)
                                         _00058_ (net)
                 12.85    0.05  484.39 ^ sa03_sr[2]$_DFF_P_/D (DFFHQNx2_ASAP7_75t_R)
                                484.39   data arrival time

                  0.00  400.00  400.00   clock clk (rise edge)
                          0.00  400.00   clock network delay (ideal)
                          0.00  400.00   clock reconvergence pessimism
                                400.00 ^ sa03_sr[2]$_DFF_P_/CLK (DFFHQNx2_ASAP7_75t_R)
                        -14.60  385.40   library setup time
                                385.40   data required time
-----------------------------------------------------------------------------
                                385.40   data required time
                               -484.39   data arrival time
-----------------------------------------------------------------------------
                                -98.99   slack (VIOLATED)



==========================================================================
detailed place report_check_types -max_slew -max_cap -max_fanout -violators
--------------------------------------------------------------------------

==========================================================================
detailed place max_slew_check_slack
--------------------------------------------------------------------------
173.4019775390625

==========================================================================
detailed place max_slew_check_limit
--------------------------------------------------------------------------
320.0

==========================================================================
detailed place max_slew_check_slack_limit
--------------------------------------------------------------------------
0.5419

==========================================================================
detailed place max_fanout_check_slack
--------------------------------------------------------------------------
1.0000000150474662e+30

==========================================================================
detailed place max_fanout_check_limit
--------------------------------------------------------------------------
1.0000000150474662e+30

==========================================================================
detailed place max_capacitance_check_slack
--------------------------------------------------------------------------
0.4850432574748993

==========================================================================
detailed place max_capacitance_check_limit
--------------------------------------------------------------------------
23.040000915527344

==========================================================================
detailed place max_capacitance_check_slack_limit
--------------------------------------------------------------------------
0.0211

==========================================================================
detailed place max_slew_violation_count
--------------------------------------------------------------------------
max slew violation count 0

==========================================================================
detailed place max_fanout_violation_count
--------------------------------------------------------------------------
max fanout violation count 0

==========================================================================
detailed place max_cap_violation_count
--------------------------------------------------------------------------
max cap violation count 0

==========================================================================
detailed place setup_violation_count
--------------------------------------------------------------------------
setup violation count 160

==========================================================================
detailed place hold_violation_count
--------------------------------------------------------------------------
hold violation count 0

==========================================================================
detailed place report_checks -path_delay max reg to reg
--------------------------------------------------------------------------
Startpoint: ld_r$_DFF_P_ (rising edge-triggered flip-flop clocked by clk)
Endpoint: sa03_sr[2]$_DFF_P_ (rising edge-triggered flip-flop clocked by clk)
Path Group: clk
Path Type: max

  Delay    Time   Description
---------------------------------------------------------
   0.00    0.00   clock clk (rise edge)
   0.00    0.00   clock network delay (ideal)
   0.00    0.00 ^ ld_r$_DFF_P_/CLK (DFFHQNx1_ASAP7_75t_R)
  34.02   34.02 ^ ld_r$_DFF_P_/QN (DFFHQNx1_ASAP7_75t_R)
  19.02   53.04 ^ _18939_/Y (BUFx4f_ASAP7_75t_R)
  19.44   72.48 ^ _18940_/Y (BUFx16f_ASAP7_75t_R)
  28.19  100.67 ^ _18987_/Y (BUFx16f_ASAP7_75t_R)
  21.57  122.23 ^ _18988_/Y (BUFx16f_ASAP7_75t_R)
  27.90  150.13 v _21227_/Y (NOR2x1_ASAP7_75t_R)
  14.05  164.18 ^ _21228_/Y (INVx3_ASAP7_75t_R)
  20.51  184.69 ^ _21258_/Y (AO21x1_ASAP7_75t_R)
  23.07  207.76 v _21259_/Y (NAND2x2_ASAP7_75t_R)
  30.55  238.31 v _21260_/Y (BUFx10_ASAP7_75t_R)
  78.37  316.68 v _31283_/SN (HAxp5_ASAP7_75t_R)
  30.35  347.04 ^ _21457_/Y (INVx1_ASAP7_75t_R)
  34.07  381.10 v _21458_/Y (OAI21x1_ASAP7_75t_R)
  32.10  413.20 ^ _21459_/Y (NAND2x2_ASAP7_75t_R)
  13.77  426.98 v _21663_/Y (OAI22x1_ASAP7_75t_R)
  12.46  439.44 ^ _21664_/Y (AOI21x1_ASAP7_75t_R)
  12.63  452.07 v _21665_/Y (NAND2x1_ASAP7_75t_R)
  11.54  463.62 ^ _21666_/Y (NOR2x1_ASAP7_75t_R)
   8.49  472.11 v _21667_/Y (OAI21x1_ASAP7_75t_R)
  12.24  484.34 ^ _21668_/Y (NAND2x1_ASAP7_75t_R)
   0.05  484.39 ^ sa03_sr[2]$_DFF_P_/D (DFFHQNx2_ASAP7_75t_R)
         484.39   data arrival time

 400.00  400.00   clock clk (rise edge)
   0.00  400.00   clock network delay (ideal)
   0.00  400.00   clock reconvergence pessimism
         400.00 ^ sa03_sr[2]$_DFF_P_/CLK (DFFHQNx2_ASAP7_75t_R)
 -14.60  385.40   library setup time
         385.40   data required time
---------------------------------------------------------
         385.40   data required time
        -484.39   data arrival time
---------------------------------------------------------
         -98.99   slack (VIOLATED)



==========================================================================
detailed place report_checks -path_delay min reg to reg
--------------------------------------------------------------------------
Startpoint: u0.w[1][13]$_DFF_P_ (rising edge-triggered flip-flop clocked by clk)
Endpoint: text_out[77]$_DFF_P_ (rising edge-triggered flip-flop clocked by clk)
Path Group: clk
Path Type: min

  Delay    Time   Description
---------------------------------------------------------
   0.00    0.00   clock clk (rise edge)
   0.00    0.00   clock network delay (ideal)
   0.00    0.00 ^ u0.w[1][13]$_DFF_P_/CLK (DFFHQNx2_ASAP7_75t_R)
  40.18   40.18 ^ u0.w[1][13]$_DFF_P_/QN (DFFHQNx2_ASAP7_75t_R)
  10.68   50.86 v _30685_/Y (XOR2x1_ASAP7_75t_R)
   0.03   50.89 v text_out[77]$_DFF_P_/D (DFFHQNx2_ASAP7_75t_R)
          50.89   data arrival time

   0.00    0.00   clock clk (rise edge)
   0.00    0.00   clock network delay (ideal)
   0.00    0.00   clock reconvergence pessimism
           0.00 ^ text_out[77]$_DFF_P_/CLK (DFFHQNx2_ASAP7_75t_R)
   6.87    6.87   library hold time
           6.87   data required time
---------------------------------------------------------
           6.87   data required time
         -50.89   data arrival time
---------------------------------------------------------
          44.02   slack (MET)



==========================================================================
detailed place critical path target clock latency max path
--------------------------------------------------------------------------
0.0000

==========================================================================
detailed place critical path target clock latency min path
--------------------------------------------------------------------------
0.0000

==========================================================================
detailed place critical path source clock latency min path
--------------------------------------------------------------------------
0.0000

==========================================================================
detailed place critical path delay
--------------------------------------------------------------------------
484.3894

==========================================================================
detailed place critical path slack
--------------------------------------------------------------------------
-98.9898

==========================================================================
detailed place slack div critical path delay
--------------------------------------------------------------------------
-20.435996

==========================================================================
detailed place report_power
--------------------------------------------------------------------------
Group                  Internal  Switching    Leakage      Total
                          Power      Power      Power      Power (Watts)
----------------------------------------------------------------
Sequential             4.84e-03   1.20e-03   1.06e-07   6.04e-03   4.3%
Combinational          5.12e-02   8.17e-02   1.24e-06   1.33e-01  95.7%
Clock                  0.00e+00   0.00e+00   0.00e+00   0.00e+00   0.0%
Macro                  0.00e+00   0.00e+00   0.00e+00   0.00e+00   0.0%
Pad                    0.00e+00   0.00e+00   0.00e+00   0.00e+00   0.0%
----------------------------------------------------------------
Total                  5.60e-02   8.29e-02   1.35e-06   1.39e-01 100.0%
                          40.3%      59.7%       0.0%
