
==========================================================================
resizer report_tns
--------------------------------------------------------------------------
tns -10230.73

==========================================================================
resizer report_wns
--------------------------------------------------------------------------
wns -94.70

==========================================================================
resizer report_worst_slack
--------------------------------------------------------------------------
worst slack -94.70

==========================================================================
resizer report_checks -path_delay min
--------------------------------------------------------------------------
Startpoint: u0.w[1][13]$_DFF_P_ (rising edge-triggered flip-flop clocked by clk)
Endpoint: text_out[77]$_DFF_P_ (rising edge-triggered flip-flop clocked by clk)
Path Group: clk
Path Type: min

Fanout     Cap    Slew   Delay    Time   Description
-----------------------------------------------------------------------------
                  0.00    0.00    0.00   clock clk (rise edge)
                          0.00    0.00   clock network delay (ideal)
                  0.00    0.00    0.00 ^ u0.w[1][13]$_DFF_P_/CLK (DFFHQNx2_ASAP7_75t_R)
     2    2.29   17.93   40.07   40.07 ^ u0.w[1][13]$_DFF_P_/QN (DFFHQNx2_ASAP7_75t_R)
                                         _01031_ (net)
                 17.93    0.01   40.08 ^ _30685_/B (XOR2x1_ASAP7_75t_R)
     1    0.75    7.91   10.46   50.54 v _30685_/Y (XOR2x1_ASAP7_75t_R)
                                         _00262_ (net)
                  7.91    0.02   50.56 v text_out[77]$_DFF_P_/D (DFFHQNx2_ASAP7_75t_R)
                                 50.56   data arrival time

                  0.00    0.00    0.00   clock clk (rise edge)
                          0.00    0.00   clock network delay (ideal)
                          0.00    0.00   clock reconvergence pessimism
                                  0.00 ^ text_out[77]$_DFF_P_/CLK (DFFHQNx2_ASAP7_75t_R)
                          6.89    6.89   library hold time
                                  6.89   data required time
-----------------------------------------------------------------------------
                                  6.89   data required time
                                -50.56   data arrival time
-----------------------------------------------------------------------------
                                 43.67   slack (MET)



==========================================================================
resizer report_checks -path_delay max
--------------------------------------------------------------------------
Startpoint: ld_r$_DFF_P_ (rising edge-triggered flip-flop clocked by clk)
Endpoint: sa03_sr[2]$_DFF_P_ (rising edge-triggered flip-flop clocked by clk)
Path Group: clk
Path Type: max

Fanout     Cap    Slew   Delay    Time   Description
-----------------------------------------------------------------------------
                  0.00    0.00    0.00   clock clk (rise edge)
                          0.00    0.00   clock network delay (ideal)
                  0.00    0.00    0.00 ^ ld_r$_DFF_P_/CLK (DFFHQNx1_ASAP7_75t_R)
     1    1.14   15.12   34.13   34.13 ^ ld_r$_DFF_P_/QN (DFFHQNx1_ASAP7_75t_R)
                                         _00731_ (net)
                 15.12    0.01   34.14 ^ _18939_/A (BUFx4f_ASAP7_75t_R)
     3    7.87   15.24   18.99   53.14 ^ _18939_/Y (BUFx4f_ASAP7_75t_R)
                                         _10618_ (net)
                 15.24    0.08   53.21 ^ _18940_/A (BUFx16f_ASAP7_75t_R)
    10   31.64   21.23   19.39   72.61 ^ _18940_/Y (BUFx16f_ASAP7_75t_R)
                                         _10619_ (net)
                 26.74    5.42   78.02 ^ _18987_/A (BUFx16f_ASAP7_75t_R)
    10   25.00   17.75   22.56  100.58 ^ _18987_/Y (BUFx16f_ASAP7_75t_R)
                                         _10665_ (net)
                 19.26    2.71  103.29 ^ _18988_/A (BUFx16f_ASAP7_75t_R)
    10   27.37   18.42   20.31  123.59 ^ _18988_/Y (BUFx16f_ASAP7_75t_R)
                                         _10666_ (net)
                 24.80    5.43  129.02 ^ _21227_/A (NOR2x1_ASAP7_75t_R)
     1    2.23   19.92   17.94  146.97 v _21227_/Y (NOR2x1_ASAP7_75t_R)
                                         _12863_ (net)
                 19.93    0.10  147.07 v _21228_/A (INVx3_ASAP7_75t_R)
     4    6.55   17.68   13.72  160.79 ^ _21228_/Y (INVx3_ASAP7_75t_R)
                                         _12864_ (net)
                 17.68    0.09  160.89 ^ _21258_/A2 (AO21x1_ASAP7_75t_R)
     1    2.21   17.11   19.93  180.82 ^ _21258_/Y (AO21x1_ASAP7_75t_R)
                                         _12892_ (net)
                 17.11    0.01  180.83 ^ _21259_/B (NAND2x2_ASAP7_75t_R)
     8   13.17   39.34   22.79  203.62 v _21259_/Y (NAND2x2_ASAP7_75t_R)
                                         _12893_ (net)
                 39.43    1.08  204.70 v _21260_/A (BUFx10_ASAP7_75t_R)
    12   16.94   16.50   29.63  234.33 v _21260_/Y (BUFx10_ASAP7_75t_R)
                                         _15852_ (net)
                 17.58    2.23  236.56 v _31283_/B (HAxp5_ASAP7_75t_R)
     4    4.74   95.70   76.43  312.99 v _31283_/SN (HAxp5_ASAP7_75t_R)
                                         _00524_ (net)
                 95.70    0.10  313.08 v _21457_/A (INVx1_ASAP7_75t_R)
     3    2.74   37.28   30.03  343.11 ^ _21457_/Y (INVx1_ASAP7_75t_R)
                                         _13088_ (net)
                 37.28    0.02  343.13 ^ _21458_/B (OAI21x1_ASAP7_75t_R)
     7    9.53   51.98   33.44  376.58 v _21458_/Y (OAI21x1_ASAP7_75t_R)
                                         _13089_ (net)
                 52.07    1.26  377.83 v _21459_/A (NAND2x2_ASAP7_75t_R)
     5    5.89   34.85   31.40  409.23 ^ _21459_/Y (NAND2x2_ASAP7_75t_R)
                                         _13090_ (net)
                 34.85    0.18  409.41 ^ _21663_/A2 (OAI22x1_ASAP7_75t_R)
     1    1.14   23.09   13.63  423.04 v _21663_/Y (OAI22x1_ASAP7_75t_R)
                                         _13292_ (net)
                 23.09    0.01  423.05 v _21664_/A2 (AOI21x1_ASAP7_75t_R)
     1    1.16   22.54   12.35  435.40 ^ _21664_/Y (AOI21x1_ASAP7_75t_R)
                                         _13293_ (net)
                 22.54    0.02  435.42 ^ _21665_/B (NAND2x1_ASAP7_75t_R)
     1    1.72   15.35   12.56  447.98 v _21665_/Y (NAND2x1_ASAP7_75t_R)
                                         _13294_ (net)
                 15.35    0.17  448.15 v _21666_/B (NOR2x1_ASAP7_75t_R)
     1    1.22   14.08   11.46  459.61 ^ _21666_/Y (NOR2x1_ASAP7_75t_R)
                                         _13295_ (net)
                 14.08    0.03  459.64 ^ _21667_/A2 (OAI21x1_ASAP7_75t_R)
     1    1.08   19.17    8.42  468.06 v _21667_/Y (OAI21x1_ASAP7_75t_R)
                                         _13296_ (net)
                 19.17    0.00  468.06 v _21668_/B (NAND2x1_ASAP7_75t_R)
     1    0.86   12.31   11.84  479.91 ^ _21668_/Y (NAND2x1_ASAP7_75t_R)
                                         _00058_ (net)
                 12.31    0.03  479.94 ^ sa03_sr[2]$_DFF_P_/D (DFFHQNx2_ASAP7_75t_R)
                                479.94   data arrival time

                  0.00  400.00  400.00   clock clk (rise edge)
                          0.00  400.00   clock network delay (ideal)
                          0.00  400.00   clock reconvergence pessimism
                                400.00 ^ sa03_sr[2]$_DFF_P_/CLK (DFFHQNx2_ASAP7_75t_R)
                        -14.76  385.24   library setup time
                                385.24   data required time
-----------------------------------------------------------------------------
                                385.24   data required time
                               -479.94   data arrival time
-----------------------------------------------------------------------------
                                -94.70   slack (VIOLATED)



==========================================================================
resizer report_checks -unconstrained
--------------------------------------------------------------------------
Startpoint: ld_r$_DFF_P_ (rising edge-triggered flip-flop clocked by clk)
Endpoint: sa03_sr[2]$_DFF_P_ (rising edge-triggered flip-flop clocked by clk)
Path Group: clk
Path Type: max

Fanout     Cap    Slew   Delay    Time   Description
-----------------------------------------------------------------------------
                  0.00    0.00    0.00   clock clk (rise edge)
                          0.00    0.00   clock network delay (ideal)
                  0.00    0.00    0.00 ^ ld_r$_DFF_P_/CLK (DFFHQNx1_ASAP7_75t_R)
     1    1.14   15.12   34.13   34.13 ^ ld_r$_DFF_P_/QN (DFFHQNx1_ASAP7_75t_R)
                                         _00731_ (net)
                 15.12    0.01   34.14 ^ _18939_/A (BUFx4f_ASAP7_75t_R)
     3    7.87   15.24   18.99   53.14 ^ _18939_/Y (BUFx4f_ASAP7_75t_R)
                                         _10618_ (net)
                 15.24    0.08   53.21 ^ _18940_/A (BUFx16f_ASAP7_75t_R)
    10   31.64   21.23   19.39   72.61 ^ _18940_/Y (BUFx16f_ASAP7_75t_R)
                                         _10619_ (net)
                 26.74    5.42   78.02 ^ _18987_/A (BUFx16f_ASAP7_75t_R)
    10   25.00   17.75   22.56  100.58 ^ _18987_/Y (BUFx16f_ASAP7_75t_R)
                                         _10665_ (net)
                 19.26    2.71  103.29 ^ _18988_/A (BUFx16f_ASAP7_75t_R)
    10   27.37   18.42   20.31  123.59 ^ _18988_/Y (BUFx16f_ASAP7_75t_R)
                                         _10666_ (net)
                 24.80    5.43  129.02 ^ _21227_/A (NOR2x1_ASAP7_75t_R)
     1    2.23   19.92   17.94  146.97 v _21227_/Y (NOR2x1_ASAP7_75t_R)
                                         _12863_ (net)
                 19.93    0.10  147.07 v _21228_/A (INVx3_ASAP7_75t_R)
     4    6.55   17.68   13.72  160.79 ^ _21228_/Y (INVx3_ASAP7_75t_R)
                                         _12864_ (net)
                 17.68    0.09  160.89 ^ _21258_/A2 (AO21x1_ASAP7_75t_R)
     1    2.21   17.11   19.93  180.82 ^ _21258_/Y (AO21x1_ASAP7_75t_R)
                                         _12892_ (net)
                 17.11    0.01  180.83 ^ _21259_/B (NAND2x2_ASAP7_75t_R)
     8   13.17   39.34   22.79  203.62 v _21259_/Y (NAND2x2_ASAP7_75t_R)
                                         _12893_ (net)
                 39.43    1.08  204.70 v _21260_/A (BUFx10_ASAP7_75t_R)
    12   16.94   16.50   29.63  234.33 v _21260_/Y (BUFx10_ASAP7_75t_R)
                                         _15852_ (net)
                 17.58    2.23  236.56 v _31283_/B (HAxp5_ASAP7_75t_R)
     4    4.74   95.70   76.43  312.99 v _31283_/SN (HAxp5_ASAP7_75t_R)
                                         _00524_ (net)
                 95.70    0.10  313.08 v _21457_/A (INVx1_ASAP7_75t_R)
     3    2.74   37.28   30.03  343.11 ^ _21457_/Y (INVx1_ASAP7_75t_R)
                                         _13088_ (net)
                 37.28    0.02  343.13 ^ _21458_/B (OAI21x1_ASAP7_75t_R)
     7    9.53   51.98   33.44  376.58 v _21458_/Y (OAI21x1_ASAP7_75t_R)
                                         _13089_ (net)
                 52.07    1.26  377.83 v _21459_/A (NAND2x2_ASAP7_75t_R)
     5    5.89   34.85   31.40  409.23 ^ _21459_/Y (NAND2x2_ASAP7_75t_R)
                                         _13090_ (net)
                 34.85    0.18  409.41 ^ _21663_/A2 (OAI22x1_ASAP7_75t_R)
     1    1.14   23.09   13.63  423.04 v _21663_/Y (OAI22x1_ASAP7_75t_R)
                                         _13292_ (net)
                 23.09    0.01  423.05 v _21664_/A2 (AOI21x1_ASAP7_75t_R)
     1    1.16   22.54   12.35  435.40 ^ _21664_/Y (AOI21x1_ASAP7_75t_R)
                                         _13293_ (net)
                 22.54    0.02  435.42 ^ _21665_/B (NAND2x1_ASAP7_75t_R)
     1    1.72   15.35   12.56  447.98 v _21665_/Y (NAND2x1_ASAP7_75t_R)
                                         _13294_ (net)
                 15.35    0.17  448.15 v _21666_/B (NOR2x1_ASAP7_75t_R)
     1    1.22   14.08   11.46  459.61 ^ _21666_/Y (NOR2x1_ASAP7_75t_R)
                                         _13295_ (net)
                 14.08    0.03  459.64 ^ _21667_/A2 (OAI21x1_ASAP7_75t_R)
     1    1.08   19.17    8.42  468.06 v _21667_/Y (OAI21x1_ASAP7_75t_R)
                                         _13296_ (net)
                 19.17    0.00  468.06 v _21668_/B (NAND2x1_ASAP7_75t_R)
     1    0.86   12.31   11.84  479.91 ^ _21668_/Y (NAND2x1_ASAP7_75t_R)
                                         _00058_ (net)
                 12.31    0.03  479.94 ^ sa03_sr[2]$_DFF_P_/D (DFFHQNx2_ASAP7_75t_R)
                                479.94   data arrival time

                  0.00  400.00  400.00   clock clk (rise edge)
                          0.00  400.00   clock network delay (ideal)
                          0.00  400.00   clock reconvergence pessimism
                                400.00 ^ sa03_sr[2]$_DFF_P_/CLK (DFFHQNx2_ASAP7_75t_R)
                        -14.76  385.24   library setup time
                                385.24   data required time
-----------------------------------------------------------------------------
                                385.24   data required time
                               -479.94   data arrival time
-----------------------------------------------------------------------------
                                -94.70   slack (VIOLATED)



==========================================================================
resizer report_check_types -max_slew -max_cap -max_fanout -violators
--------------------------------------------------------------------------

==========================================================================
resizer max_slew_check_slack
--------------------------------------------------------------------------
171.5980987548828

==========================================================================
resizer max_slew_check_limit
--------------------------------------------------------------------------
320.0

==========================================================================
resizer max_slew_check_slack_limit
--------------------------------------------------------------------------
0.5362

==========================================================================
resizer max_fanout_check_slack
--------------------------------------------------------------------------
1.0000000150474662e+30

==========================================================================
resizer max_fanout_check_limit
--------------------------------------------------------------------------
1.0000000150474662e+30

==========================================================================
resizer max_capacitance_check_slack
--------------------------------------------------------------------------
0.36102914810180664

==========================================================================
resizer max_capacitance_check_limit
--------------------------------------------------------------------------
23.040000915527344

==========================================================================
resizer max_capacitance_check_slack_limit
--------------------------------------------------------------------------
0.0157

==========================================================================
resizer max_slew_violation_count
--------------------------------------------------------------------------
max slew violation count 0

==========================================================================
resizer max_fanout_violation_count
--------------------------------------------------------------------------
max fanout violation count 0

==========================================================================
resizer max_cap_violation_count
--------------------------------------------------------------------------
max cap violation count 0

==========================================================================
resizer setup_violation_count
--------------------------------------------------------------------------
setup violation count 160

==========================================================================
resizer hold_violation_count
--------------------------------------------------------------------------
hold violation count 0

==========================================================================
resizer report_checks -path_delay max reg to reg
--------------------------------------------------------------------------
Startpoint: ld_r$_DFF_P_ (rising edge-triggered flip-flop clocked by clk)
Endpoint: sa03_sr[2]$_DFF_P_ (rising edge-triggered flip-flop clocked by clk)
Path Group: clk
Path Type: max

  Delay    Time   Description
---------------------------------------------------------
   0.00    0.00   clock clk (rise edge)
   0.00    0.00   clock network delay (ideal)
   0.00    0.00 ^ ld_r$_DFF_P_/CLK (DFFHQNx1_ASAP7_75t_R)
  34.13   34.13 ^ ld_r$_DFF_P_/QN (DFFHQNx1_ASAP7_75t_R)
  19.00   53.14 ^ _18939_/Y (BUFx4f_ASAP7_75t_R)
  19.47   72.61 ^ _18940_/Y (BUFx16f_ASAP7_75t_R)
  27.97  100.58 ^ _18987_/Y (BUFx16f_ASAP7_75t_R)
  23.01  123.59 ^ _18988_/Y (BUFx16f_ASAP7_75t_R)
  23.37  146.97 v _21227_/Y (NOR2x1_ASAP7_75t_R)
  13.83  160.79 ^ _21228_/Y (INVx3_ASAP7_75t_R)
  20.02  180.82 ^ _21258_/Y (AO21x1_ASAP7_75t_R)
  22.80  203.62 v _21259_/Y (NAND2x2_ASAP7_75t_R)
  30.71  234.33 v _21260_/Y (BUFx10_ASAP7_75t_R)
  78.66  312.99 v _31283_/SN (HAxp5_ASAP7_75t_R)
  30.13  343.11 ^ _21457_/Y (INVx1_ASAP7_75t_R)
  33.46  376.58 v _21458_/Y (OAI21x1_ASAP7_75t_R)
  32.65  409.23 ^ _21459_/Y (NAND2x2_ASAP7_75t_R)
  13.81  423.04 v _21663_/Y (OAI22x1_ASAP7_75t_R)
  12.36  435.40 ^ _21664_/Y (AOI21x1_ASAP7_75t_R)
  12.58  447.98 v _21665_/Y (NAND2x1_ASAP7_75t_R)
  11.63  459.61 ^ _21666_/Y (NOR2x1_ASAP7_75t_R)
   8.45  468.06 v _21667_/Y (OAI21x1_ASAP7_75t_R)
  11.85  479.91 ^ _21668_/Y (NAND2x1_ASAP7_75t_R)
   0.03  479.94 ^ sa03_sr[2]$_DFF_P_/D (DFFHQNx2_ASAP7_75t_R)
         479.94   data arrival time

 400.00  400.00   clock clk (rise edge)
   0.00  400.00   clock network delay (ideal)
   0.00  400.00   clock reconvergence pessimism
         400.00 ^ sa03_sr[2]$_DFF_P_/CLK (DFFHQNx2_ASAP7_75t_R)
 -14.76  385.24   library setup time
         385.24   data required time
---------------------------------------------------------
         385.24   data required time
        -479.94   data arrival time
---------------------------------------------------------
         -94.70   slack (VIOLATED)



==========================================================================
resizer report_checks -path_delay min reg to reg
--------------------------------------------------------------------------
Startpoint: u0.w[1][13]$_DFF_P_ (rising edge-triggered flip-flop clocked by clk)
Endpoint: text_out[77]$_DFF_P_ (rising edge-triggered flip-flop clocked by clk)
Path Group: clk
Path Type: min

  Delay    Time   Description
---------------------------------------------------------
   0.00    0.00   clock clk (rise edge)
   0.00    0.00   clock network delay (ideal)
   0.00    0.00 ^ u0.w[1][13]$_DFF_P_/CLK (DFFHQNx2_ASAP7_75t_R)
  40.07   40.07 ^ u0.w[1][13]$_DFF_P_/QN (DFFHQNx2_ASAP7_75t_R)
  10.47   50.54 v _30685_/Y (XOR2x1_ASAP7_75t_R)
   0.02   50.56 v text_out[77]$_DFF_P_/D (DFFHQNx2_ASAP7_75t_R)
          50.56   data arrival time

   0.00    0.00   clock clk (rise edge)
   0.00    0.00   clock network delay (ideal)
   0.00    0.00   clock reconvergence pessimism
           0.00 ^ text_out[77]$_DFF_P_/CLK (DFFHQNx2_ASAP7_75t_R)
   6.89    6.89   library hold time
           6.89   data required time
---------------------------------------------------------
           6.89   data required time
         -50.56   data arrival time
---------------------------------------------------------
          43.67   slack (MET)



==========================================================================
resizer critical path target clock latency max path
--------------------------------------------------------------------------
0.0000

==========================================================================
resizer critical path target clock latency min path
--------------------------------------------------------------------------
0.0000

==========================================================================
resizer critical path source clock latency min path
--------------------------------------------------------------------------
0.0000

==========================================================================
resizer critical path delay
--------------------------------------------------------------------------
479.9405

==========================================================================
resizer critical path slack
--------------------------------------------------------------------------
-94.6994

==========================================================================
resizer slack div critical path delay
--------------------------------------------------------------------------
-19.731488

==========================================================================
resizer report_power
--------------------------------------------------------------------------
Group                  Internal  Switching    Leakage      Total
                          Power      Power      Power      Power (Watts)
----------------------------------------------------------------
Sequential             4.84e-03   1.20e-03   1.06e-07   6.03e-03   4.3%
Combinational          5.12e-02   8.17e-02   1.24e-06   1.33e-01  95.7%
Clock                  0.00e+00   0.00e+00   0.00e+00   0.00e+00   0.0%
Macro                  0.00e+00   0.00e+00   0.00e+00   0.00e+00   0.0%
Pad                    0.00e+00   0.00e+00   0.00e+00   0.00e+00   0.0%
----------------------------------------------------------------
Total                  5.60e-02   8.29e-02   1.35e-06   1.39e-01 100.0%
                          40.3%      59.7%       0.0%
